yes	{str:"v"=bool:True}
Yes	{str:"v"=bool:True}
YES	{str:"v"=bool:True}
yEs	{str:"v"=str:"yEs"}
no	{str:"v"=bool:False}
on	{str:"v"=bool:True}
Off	{str:"v"=bool:False}
y	{str:"v"=str:"y"}
n	{str:"v"=str:"n"}
true	{str:"v"=bool:True}
False	{str:"v"=bool:False}
~	{str:"v"=null}
null	{str:"v"=null}
Null	{str:"v"=null}
NULL	{str:"v"=null}
nUll	{str:"v"=str:"nUll"}
	{str:"v"=null}
2026-04-01	{str:"v"=date:2026-04-01}
2026-4-1	{str:"v"=str:"2026-4-1"}
2026-02-30	ERROR
2026-13-01	ERROR
0000-01-01	ERROR
2026-04-01 10:00:00	{str:"v"=datetime:2026-04-01 10:00:00}
2026-04-01T10:00:00Z	{str:"v"=datetime:2026-04-01 10:00:00+00:00}
2026-04-01t10:00:00.5+02:00	{str:"v"=datetime:2026-04-01 10:00:00.500000+02:00}
2026-4-1 1:02:03 -05	{str:"v"=datetime:2026-04-01 01:02:03-05:00}
2026-04-01 10:00:00.1234567	{str:"v"=datetime:2026-04-01 10:00:00.123456}
2026-04-01T25:00:00	ERROR
"2026-04-01"	{str:"v"=str:"2026-04-01"}
'yes'	{str:"v"=str:"yes"}
!!str 2026-04-01	{str:"v"=str:"2026-04-01"}
!!str yes	{str:"v"=str:"yes"}
!!int "42"	{str:"v"=int:42}
!!int abc	ERROR
!!float 1	{str:"v"=float:1.0}
!!bool yes	{str:"v"=bool:True}
!!timestamp 2026-04-01	{str:"v"=date:2026-04-01}
!custom x	ERROR
1	{str:"v"=int:1}
-1	{str:"v"=int:-1}
+1	{str:"v"=int:1}
0	{str:"v"=int:0}
007	{str:"v"=int:7}
08	{str:"v"=str:"08"}
0o7	{str:"v"=str:"0o7"}
0b101	{str:"v"=int:5}
0x1F	{str:"v"=int:31}
0xg	{str:"v"=str:"0xg"}
1_000	{str:"v"=int:1000}
1:30	{str:"v"=int:90}
190:20:30	{str:"v"=int:685230}
99999999999999999999999	{str:"v"=int:99999999999999999999999}
1.0	{str:"v"=float:1.0}
1.	{str:"v"=float:1.0}
.5	{str:"v"=float:0.5}
1e5	{str:"v"=str:"1e5"}
1.5e5	{str:"v"=str:"1.5e5"}
1.5e+5	{str:"v"=float:150000.0}
1.5E-05	{str:"v"=float:1.5e-05}
1_0.5	{str:"v"=float:10.5}
1:30.5	{str:"v"=float:90.5}
.inf	{str:"v"=float:inf}
-.Inf	{str:"v"=float:-inf}
.NaN	{str:"v"=float:nan}
nan	{str:"v"=str:"nan"}
inf	{str:"v"=str:"inf"}
1.0e5	{str:"v"=str:"1.0e5"}
12e-3	{str:"v"=str:"12e-3"}
3.14159265358979	{str:"v"=float:3.14159265358979}
1e400	{str:"v"=str:"1e400"}
1.0e400	{str:"v"=str:"1.0e400"}
-0.0	{str:"v"=float:-0.0}
=	ERROR
<<	ERROR
[a, b, 1, yes]	{str:"v"=[str:"a",str:"b",int:1,bool:True]}
{a: 1, b: no}	{str:"v"={str:"a"=int:1,str:"b"=bool:False}}
&x 5	{str:"v"=int:5}
a: b	ERROR
"unterminated	ERROR
- item	ERROR
foo # comment	{str:"v"=str:"foo"}
'it''s'	{str:"v"=str:"it's"}
"tab\there"	{str:"v"=str:"tab\there"}
"é"	{str:"v"=str:"é"}
café	{str:"v"=str:"café"}
[1, [2, 3]]	{str:"v"=[int:1,[int:2,int:3]]}
{? [a]: b}	ERROR
